// Jest Snapshot v1, https://goo.gl/fbAQLP

exports[`Categories renders categories 1`] = `
<ul
  className="categories"
>
  <Connect(Category)
    category={
      Object {
        "budget": 400,
        "key": "123",
        "name": "transportation",
        "timestamp": "new Date()",
      }
    }
    key="123"
  />
  <Connect(Category)
    category={
      Object {
        "budget": 200,
        "key": "456",
        "name": "other",
        "timestamp": "new Date()",
      }
    }
    key="456"
  />
  <Connect(Category)
    category={
      Object {
        "budget": 500,
        "key": "789",
        "name": "more food",
        "timestamp": "new Date()",
      }
    }
    key="789"
  />
</ul>
`;
